ingress links to service properly:
  1: |
    rules:
    - host: test-host
      http:
        paths:
        - backend:
            service:
              name: test-tfs-on-sawtooth-0
              port:
                number: 8000
          path: /path
          pathType: ImplementationSpecific
