ingress links to service properly:
  1: |
    rules:
    - host: test-host
      http:
        paths:
        - backend:
            serviceName: test-daml-on-sawtooth-jsonapi
            servicePort: 8080
          path: /path
          pathType: ImplementationSpecific
