ingress links to service properly:
  1: |
    rules:
    - host: test-host
      http:
        paths:
        - backend:
            serviceName: test-sextant-sfd
            servicePort: 8000
          path: /path
