check for stable PVC names:
  1: |
    pgdata
check for stable entity names (services, statefulsets, serviceaccounts):
  1: |
    test-sextant-sfs
  2: |
    test-sextant-sfs
  3: |
    test-sextant-sfs
