check for stable entity names (services, statefulsets, serviceaccounts):
  1: |
    test-orion
  2: |
    orion-config
  3: |
    test-orion
  4: |
    test-orion
  5: |
    test-orion-0
  6: |
    test-orion-1
